// Jest Snapshot v1, https://goo.gl/fbAQLP

exports[`Pruebas en <GifGridItem /> debe de mostrar el componente <GifGridItem /> correctamente 1`] = `
<div
  className="card animate__animated animate__fadeIn"
>
  <img
    alt="holamundo"
    src="https://localhost.cualquier.com"
  />
  <p>
     
    holamundo
     
  </p>
</div>
`;
